// Constructs typescript_strip.js mishandles today (the Rust port reproduces them byte for byte;
// see the crate report). None of these is valid JavaScript after stripping.
export class Typed {
  x        ;
           tag         = "t";
}
export function returnsFn(k        )               {
  return () => k;
}
export function bang(v               )         {
  return v ;
}
export function generic   (x   )    {
  return x;
}
export function dispatch(e                  )         {
  if (e.type === "x") return 1;
  return 0;
}
import { a as b } from "./other";
